<html>
<head>
  <link href="/assets/css/main.css" rel="stylesheet">
  <link href="/assets/css/style.2.css" rel="stylesheet">
  <link href="/assets/css/style.1.css" rel="stylesheet">
</head>
<body>
  <h1>Demo</h1>
</body>
</html>