<html>
  <head>
    <title>Test</title>
    <!-- ignore URLs -->
    <link href="https://google.com/favicon.ico" rel="icon" />
    <link href="//favicon.ico" rel="icon" />
    <link href="/favicon.ico" rel="icon" />

    <!-- resolve source assets -->
    <link href="assets/images/favicon2.697ef306.ico" rel="icon" />
    <link href="assets/images/favicon3.697ef306.ico" rel="icon" />
    <link href="styles.css" rel="alternate stylesheet">
  </head>
  <body>
    <h1>Hello World!</h1>
  </body>
</html>