<html>
<head>
  <link href="/assets/css/styles.59838ab9.css" rel="stylesheet">
</head>
<body><h1>Hello World!</h1></body>
</html>