<html>
<head>
  <title>Test</title>
  <link href="assets/img/favicon.697ef306.ico" rel="icon">

  <!-- load global style -->
  <link href="assets/css/style.1f4faaff.css" rel="stylesheet">

  <!-- load page style -->
  <link href="assets/css/home.5634afc3.css" rel="stylesheet">

  <!-- load global script -->
  <script src="assets/js/main.5dfc5753.js" defer="defer"></script>
</head>
<body>
  <h1>Home</h1>
  <img src="assets/img/logo.697ef306.png">

  <!-- load page script -->
  <script src="assets/js/home.b2eec5c4.js"></script>
</body>
</html>