<!doctype html><html><head><title>Home</title><style>h1{color:red}</style><script>console.log(">> script.js");</script></head><body><h1>Home</h1></body></html>