<!DOCTYPE html>
<html>
<head>
  <title>Template 1</title>
  <link href="../assets/img/favicon-32w.png" rel="icon">
  <link href="../styles/css/style.4371ffdf.css" rel="stylesheet">
  <script src="../js/vendor.63bd5560.js" defer="defer"></script>
</head>
<body>
  <h1>News / sport</h1>
  <img src="../assets/img/apple-160w.png">
  <!-- resized image -->
  <img src="../assets/img/kiwi-100w.png">

  <div class="lemon"></div>

  <script src="../js/main.1db12d91.js"></script>
</body>
</html>