<!DOCTYPE html>
<html>
<head>
  <title>Home</title>
  <script src="js/common.64204441.js" defer="defer"></script>
  <script src="js/a.0132c52e.js" defer="defer"></script>
</head>
<body>
  <h1>Home</h1>
</body>
</html>