<!DOCTYPE html>
<html>
<head>
  <title>News</title>
  <script src="js/common.64204441.js" defer="defer"></script>
  <script src="js/b.26d1b659.js" defer="defer"></script>
</head>
<body>
  <h1>News</h1>
</body>
</html>