<!DOCTYPE html>
<html>
<head>
  <title>Sport</title>
  <link href="../css/main.bundle.css" rel="stylesheet">
<script src="../main.js"></script>
</head>
<body>
  <h1>Sport</h1>
  <div class="apple"></div>
</body>
</html>