<!DOCTYPE html>
<html>
<head>
  <title>Test</title>
  <link href="assets/css/style.aac00a79.css" rel="stylesheet">
  <style>.inline {
  color: plum;
}
</style>
  <link href="assets/css/app.6d96bade.css" rel="stylesheet">
<script src="assets/js/app.ffec14fb.js" defer="defer"></script>
</head>
<body>
  <div class="inline">inline.css - inlined in HTML</div>
  <div class="style">style.css - linked in HTML</div>
  <div class="app1">app1.css - imported in JS</div>
  <div class="app2">app2.css - imported in JS</div>
</body>
</html>