<!DOCTYPE html>
<html>
<head>
  <!-- test for auto publicPath when used same asset from different paths -->
  <link href="assets/vendor/css/common.9e384dc4.css" rel="stylesheet">
  <link href="assets/css/style.1ab8715c.css" rel="stylesheet">
  <!-- test to resolve script filename w/o the extension `.js` -->
  <script src="assets/js/common.min.64204441.js"></script>
  <script src="assets/js/home.0132c52e.js"></script>
</head>
<body>
  <h1>Home</h1>
  <div class="common">common</div>
  <div class="home">home</div>
  <img src="assets/img/apple.02a7c382.png">
</body>
</html>