<html>
<head>
  <link href="/assets/css/style.026fd625.css" rel="stylesheet">
  <script src="/assets/js/runtime.a5bd90e1.js" defer="defer"></script>
<script src="/assets/js/vendors.9326a07a.js" defer="defer"></script>
<script src="/assets/js/fixture-lorem.dcb3b569.js" defer="defer"></script>
</head>
<body>
  <h1>Hello World!</h1>
  <script src="/assets/js/main.320e61d6.js"></script>
</body>
</html>