<html>
<head>
  <title>Sport</title>
  <link href="../assets/img/favicon.697ef306.ico" rel="icon">

  <!-- load global style -->
  <link href="../assets/css/style.1f4faaff.css" rel="stylesheet">

  <!-- load page style -->
  <link href="../assets/css/sport.77c4f471.css" rel="stylesheet">

  <!-- load global script -->
  <script src="../assets/js/main.c608b1cd.js" defer="defer"></script>
</head>
<body>
  <h1>Sport</h1>
  <img src="../assets/img/logo.697ef306.png">

  <!-- load page script -->
  <script src="../assets/js/sport.db45c76b.js"></script>
</body>
</html>