<!DOCTYPE html>
<html>
<head>
  <link href="assets/css/style.63e0f06a.css" rel="stylesheet">
</head>
<body>
  <h1>About</h1>
  <script src="assets/js/scripts-src_assets_js_module-c_js.3474d47c.js"></script>
<script src="assets/js/scripts-src_assets_js_main-b_js.5569a05b.js"></script>
<script src="assets/js/main-b.d667b0e6.js"></script>
</body>
</html>