<!DOCTYPE html>
<html>
<head>
  <title>Home</title>
  <link href="assets/css/main.935cb8bd.css" rel="stylesheet">
<script src="assets/js/main.b8d3babd.js" defer="defer"></script>
</head>
<body>
  <h1>Home</h1>
  <div class="apple">apple</div>
  <div class="test-fixture-primary">test-fixture-primary</div>
  <div class="img image-bg">image</div>
</body>
</html>