<html>
  <head>
    <title>Test</title>
  </head>
  <body>
    <h1>Home</h1>

    <svg width="160" height="130">
      <image href="assets/img/apple.697ef306.png"></image>
    </svg>

    <svg width="24" height="24">
      <use href="assets/img/icons.b9fc57c6.svg#circle"></use>
    </svg>

    <svg width="24" height="24">
      <use href="assets/img/icons.b9fc57c6.svg#rect"></use>
    </svg>

  </body>
</html>