<html>
  <head>
    <link href="css/style.fdf193c9.css" rel='stylesheet'>
    <link href="css/style.c44e54ea.css" rel='stylesheet'>
  </head>
  <body>
    <h1>About</h1>
  </body>
</html>