<html>
  <head>
    <link href="/assets/css/style.fb43317d.css" rel="stylesheet">
    <script src="/assets/js/main.389b9608.js"></script>
  </head>
  <body>
    <h1>Hello World!</h1>
  </body>
</html>