<!DOCTYPE html>
<html>
<head>
  <title>About</title>
  <!-- block for specific page styles -->
  
  <link href="assets/css/about.2777c101.css" rel="stylesheet">

  <!-- block for specific page scripts -->
  
  <script src="assets/js/about.1.ff7db244.js" defer="defer"></script>

</head>
<body>
  <main class="main-content">
    <!-- block for specific page content -->
    
  <h1>Breaking Bad</h1>
  <ul>
  
    <li class="name">Walter White</li>
  
    <li class="name">Jesse Pinkman</li>
  
  </ul>

  </main>
</body>
</html>