<!DOCTYPE html>
<html>
  <head>
    <title>Test</title>
  </head>
  <body>
    <div data-file="D:\net\test.txt"></div>
    <div>\t\n\r\f</div>
  </body>
</html>