<html>
<head>
  <!-- test for auto publicPath when used same asset from different paths -->
  <link href="/assets/vendor/css/common.e56c9696.css" rel="stylesheet">
  <link href="/assets/css/style.c78f2f13.css" rel="stylesheet">
  <!-- test to resolve script filename w/o extension `.js` -->
  <script src="/assets/js/common.min.js"></script>
  <script src="/assets/js/main.js"></script>
</head>
<body>
  <h1>Home</h1>
  <div class="header">Header</div>
  <img src="/assets/img/image.697ef306.png">
</body>
</html>