<!DOCTYPE html>
<html>
<head>
  <title>Sport</title>
  <style>.apple{width:160px;height:130px;background:url(../img/apple.02a7c382.png);border:5px solid #2e8b57}</style>
<script src="../main.js"></script>
</head>
<body>
  <h1>Sport</h1>
  <div class="apple"></div>
</body>
</html>