<!DOCTYPE html>
<html>
<head>
  <title>Test</title>
  <style>h1{color:red}.component{color:#6b8e23}
/*# sourceMappingURL=data:application/json;charset=utf-8;base64,eyJ2ZXJzaW9uIjozLCJmaWxlIjoiaW5kZXguaHRtbF9jc3MtbWFpbi5idW5kbGUuY3NzIiwibWFwcGluZ3MiOiJBQUNBLEdBQ0UsU0FDRixDQ0RBLFdBQ0UsYUFDRiIsInNvdXJjZXMiOlsid2VicGFjazovLy8uL3NyYy9zdHlsZS5jc3MiLCJ3ZWJwYWNrOi8vLy4vc3JjL2NvbXBvbmVudC5jc3MiXSwic291cmNlc0NvbnRlbnQiOlsiLyogdGVzdCBDU1MgbWluaWZpY2F0aW9uIHZpYSBvcHRpbWlzYXRpb24gb3B0aW9uICovXG5oMSB7XG4gIGNvbG9yOiByZWQ7XG59XG4iLCIvKiB0ZXN0IENTUyBtaW5pZmljYXRpb24gdmlhIG9wdGltaXNhdGlvbiBvcHRpb24gKi9cbi8qIG5lc3RlZCBjb21wb25lbnQgc3R5bGUgKi9cbi5jb21wb25lbnQge1xuICBjb2xvcjogb2xpdmVkcmFiO1xufVxuIl0sIm5hbWVzIjpbXSwic291cmNlUm9vdCI6IiJ9*/</style>
<script src="main.js"></script>
</head>
<body>
  <h1>Hello World!</h1>
  <div class="component">component</div>
</body>
</html>