<html>
<head>
  <title>Template 2</title>
  <link href="styles/css/style.1dbbe0ce.css" rel="stylesheet">
  <script src="js/vendor.717fa6fd.js" defer="defer"></script>
</head>
<body>
  <h1>Contact</h1>
  <script src="js/main.fbe9cadd.js" defer="defer"></script>
</body>
</html>