<html>
<head>
  <title>Template 1</title>
  <link href="styles/css/style.1dbbe0ce.css" rel="stylesheet">
  <script src="js/vendor.717fa6fd.js" defer="defer"></script>
</head>
<body>
  <h1>Home</h1>
  <img src="assets/img/apple-160w.png">
  <!-- resized image -->
  <img src="assets/img/apple-50w.png">

  <script src="js/main.fbe9cadd.js" defer="defer"></script>
</body>
</html>