<!DOCTYPE html>
<html>
<head>
  <title>News</title>
  <link href="css/common.bundle.css" rel="stylesheet">
  <link href="css/app.bundle.css" rel="stylesheet">
</head>
<body>
  <h1>News</h1>
  <div class="common">.common</div>
  <div class="app">.app</div>
</body>
</html>