<html>
  <head>
    <title>Test</title>
    <meta property="og:title" content="Frutis" />
    <meta property="og:image" content="assets/img/frutis.697ef306.png" />
    <meta property="og:image:type" content="image/png" />
    <meta property="og:video" content="assets/video/video.697ef306.mp4" />
    <meta property="og:video:type" content="video/mp4" />
  </head>
  <body>
    <h1>Home</h1>
    <img src="assets/img/apple.697ef306.png">
  </body>
</html>