<!DOCTYPE html>
<html>
<head>
</head>
<body>
  <h1>Home</h1>
  <img src="../assets/img/apple.02a7c382.png">
</body>
</html>