<!DOCTYPE html>
<html>
<head>
  <title>Home</title>

  <!-- file JS -->
  <script src="/html-bundler-webpack-plugin/test/cases/option-js-inline-auto-dev/dist/assets/js/script-inline-false.js" defer="defer"></script>

  <!-- inline JS: ?inline=true -->
  <script>/******/ (() => { // webpackBootstrap
/******/ 	var __webpack_modules__ = ({

/***/ "(__entryId=1)/../../fixtures/images/apple.png":
/*!***************************************!*\
  !*** ../../fixtures/images/apple.png ***!
  \***************************************/
/***/ ((module, __unused_webpack_exports, __webpack_require__) => {

"use strict";
module.exports = __webpack_require__.p + "assets/img/apple.02a7c382.png";

/***/ })

/******/ 	});
/************************************************************************/
/******/ 	// The module cache
/******/ 	var __webpack_module_cache__ = {};
/******/ 	
/******/ 	// The require function
/******/ 	function __webpack_require__(moduleId) {
/******/ 		// Check if module is in cache
/******/ 		var cachedModule = __webpack_module_cache__[moduleId];
/******/ 		if (cachedModule !== undefined) {
/******/ 			return cachedModule.exports;
/******/ 		}
/******/ 		// Create a new module (and put it into the cache)
/******/ 		var module = __webpack_module_cache__[moduleId] = {
/******/ 			// no module.id needed
/******/ 			// no module.loaded needed
/******/ 			exports: {}
/******/ 		};
/******/ 	
/******/ 		// Execute the module function
/******/ 		__webpack_modules__[moduleId](module, module.exports, __webpack_require__);
/******/ 	
/******/ 		// Return the exports of the module
/******/ 		return module.exports;
/******/ 	}
/******/ 	
/************************************************************************/
/******/ 	/* webpack/runtime/publicPath */
/******/ 	(() => {
/******/ 		__webpack_require__.p = "/html-bundler-webpack-plugin/test/cases/option-js-inline-auto-dev/dist/";
/******/ 	})();
/******/ 	
/************************************************************************/
var __webpack_exports__ = {};
// This entry need to be wrapped in an IIFE because it need to be isolated against other modules in the chunk.
(() => {
/*!**************************************************************!*\
  !*** ./src/assets/scripts/script-inline-true.js?inline=true ***!
  \**************************************************************/
const image = __webpack_require__(/*! @images/apple.png */ "(__entryId=1)/../../fixtures/images/apple.png");

document.addEventListener('DOMContentLoaded', (event) => {
  const elm = document.querySelector('.js-image-script-inline-true');
  elm.style.backgroundImage = `url(${image})`;
  elm.style.width = '160px';
  elm.style.height = '130px';
  elm.style.border = '5px solid greenyellow';
});

console.log('>> script-inline-true.js?inline=true', { image });

})();

/******/ })()
;</script>

  <!-- inline common JS: ?inline -->
  <script>/******/ (() => { // webpackBootstrap
var __webpack_exports__ = {};
/*!****************************************************!*\
  !*** ./src/assets/scripts/script-inline.js?inline ***!
  \****************************************************/
console.log('>> script-inline.js?inline');

/******/ })()
;</script>

  <!-- inline home JS: ?inline -->
  <script>/******/ (() => { // webpackBootstrap
/******/ 	var __webpack_modules__ = ({

/***/ "(__entryId=1)/../../fixtures/images/melon.png":
/*!***************************************!*\
  !*** ../../fixtures/images/melon.png ***!
  \***************************************/
/***/ ((module, __unused_webpack_exports, __webpack_require__) => {

"use strict";
module.exports = __webpack_require__.p + "assets/img/melon.a92cb911.png";

/***/ })

/******/ 	});
/************************************************************************/
/******/ 	// The module cache
/******/ 	var __webpack_module_cache__ = {};
/******/ 	
/******/ 	// The require function
/******/ 	function __webpack_require__(moduleId) {
/******/ 		// Check if module is in cache
/******/ 		var cachedModule = __webpack_module_cache__[moduleId];
/******/ 		if (cachedModule !== undefined) {
/******/ 			return cachedModule.exports;
/******/ 		}
/******/ 		// Create a new module (and put it into the cache)
/******/ 		var module = __webpack_module_cache__[moduleId] = {
/******/ 			// no module.id needed
/******/ 			// no module.loaded needed
/******/ 			exports: {}
/******/ 		};
/******/ 	
/******/ 		// Execute the module function
/******/ 		__webpack_modules__[moduleId](module, module.exports, __webpack_require__);
/******/ 	
/******/ 		// Return the exports of the module
/******/ 		return module.exports;
/******/ 	}
/******/ 	
/************************************************************************/
/******/ 	/* webpack/runtime/publicPath */
/******/ 	(() => {
/******/ 		__webpack_require__.p = "/html-bundler-webpack-plugin/test/cases/option-js-inline-auto-dev/dist/";
/******/ 	})();
/******/ 	
/************************************************************************/
var __webpack_exports__ = {};
// This entry need to be wrapped in an IIFE because it need to be isolated against other modules in the chunk.
(() => {
/*!**************************************************!*\
  !*** ./src/assets/scripts/home-inline.js?inline ***!
  \**************************************************/
const image = __webpack_require__(/*! @images/melon.png */ "(__entryId=1)/../../fixtures/images/melon.png");

document.addEventListener('DOMContentLoaded', (event) => {
  const elm = document.querySelector('.js-melon');
  elm.style.backgroundImage = `url(${image})`;
  elm.style.width = '160px';
  elm.style.height = '130px';
  elm.style.border = '5px solid orangered';
});

console.log('>> home inline', { image });

})();

/******/ })()
;</script>

  <!-- inline/file JS: ?inline=auto -->
  <script>/******/ (() => { // webpackBootstrap
var __webpack_exports__ = {};
/*!*******************************************************!*\
  !*** ./src/assets/scripts/script-auto.js?inline=auto ***!
  \*******************************************************/
console.log('>> script-auto.js?inline=auto');

/******/ })()
;</script>

  <!-- inline/file JS: depend on js.inline option -->
  <script>/******/ (() => { // webpackBootstrap
var __webpack_exports__ = {};
/*!**************************************!*\
  !*** ./src/assets/scripts/script.js ***!
  \**************************************/
console.log('>> script.js');

/******/ })()
;</script>

</head>
<body>
  <h1>Home</h1>
  <div class="js-image-script-inline-false"></div>
  <div class="js-image-script-inline-true"></div>
  <div class="js-melon"></div>
</body>
</html>