<html>
<head>
  <link href="assets/css/style.f7030525.css" rel="stylesheet">
</head>
<body>
  <h1>Home</h1>
  <script src="assets/js/703.ea6edaa6.js"></script>
<script src="assets/js/416.dfafe31f.js"></script>
<script src="assets/js/168.5a1ae208.js"></script>
<script src="assets/js/main-a.071e9f92.js"></script>
</body>
</html>