<!DOCTYPE html>
<html>
  <head>
    <!-- resize image -->
    <link href="../assets/img/favicon-16w.png" sizes="16x16" type="image/png" rel="icon">
    <link href="../assets/css/main.bundle.css" rel="stylesheet">
    <script src="../assets/js/main.bundle.js" defer="defer"></script>
  </head>
  <body>
    <h1>Home</h1>

    <!-- image src will be set in JS from imported responsive image -->
    <img id="js-image">

    <!-- default image -->
    <img src="../assets/img/apple-160w.png">

    <!-- resized image -->
    <img src="../assets/img/apple-50w.png">

    <!-- placeholder via CSS -->
    <div class="header-container placeholder-css"></div>

    <!-- resized image in CSS -->
    <div class="resized-image"></div>
  </body>
</html>