<html>
<head>
  <title>Deutsch</title>

  <!-- resolve image in style file with query -->
  <link href="../assets/css/style.b22e3956.css" rel="stylesheet">

  <!-- load source script -->
  <script src="../assets/js/main.3b64a15d.js" defer="defer"></script>
</head>
<body>
  <h1>Ich spreche Deutsch!</h1>

  <!-- load source image -->
  <img src="../assets/img/image-160w.jpg">

  <!-- load source in style -->
  <div class="img"></div>
</body>
</html>