<!DOCTYPE html>
<html>
<head>
  <!-- variables passed via entry data property -->
  <title>Home</title>
</head>
<body>
  <!-- variable passed via loader data option -->
  <p>Data passed into all pages.</p>

  <!-- variables passed via entry data property -->
  <h1>Breaking Bad</h1>
  <ul class="people">
        <li>Walter White</li>
        <li>Jesse Pinkman</li>
      </ul>
</body>
</html>