<html>
<head>
  <!-- test for auto publicPath when used same asset from different paths -->
  <link href="assets/vendor/css/common.e56c9696.css" rel="stylesheet">
  <link href="assets/css/style.65502e88.css" rel="stylesheet">
  <script src="assets/js/common.min.js"></script>
  <!-- test to resolve script filename w/o extension `.js` -->
  <script src="assets/js/main.js"></script>
  <script src="assets/js/main.1.js"></script>
</head>
<body>
  <h1>About</h1>
  <div class="header">Header</div>
  <img src="assets/img/image.697ef306.png">
</body>
</html>