<html>
  <head>
    <title>Test</title>
    <link href="assets/images/favicon.697ef306.ico" rel="icon" />
    <link href="styles.css" rel="alternate stylesheet">
  </head>
  <body>
    <h1>Hello World!</h1>
  </body>
</html>