<html>
<head>
  <link href="/assets/css/style.c597d7cc.css" rel="stylesheet">
</head>
<body>
  <h1>Hello World!</h1>
  <script src="/assets/js/runtime.dde9ce93.js"></script>
<script src="/assets/js/vendors.9326a07a.js"></script>
<script src="/assets/js/main.58c33bab.js"></script>
</body>
</html>