<html>
<head>
  <title>Home</title>
</head>
<body>
  <h1>Home</h1>
  <h2>Fruits</h2>
  <ul>
        <li>apple: 0.99 €</li>
        <li>kiwi: 1.09 €</li>
        <li>cocos: 3.29 €</li>
      </ul>
</body>
</html>