<!DOCTYPE html>
<html>
  <head>
    <title>Test</title>
    <link href="assets/img/favicon.edda23bf.ico" rel="icon">
  </head>
  <body>
    <h1>Home</h1>
  </body>
</html>