<html>
<head>
  <link href="assets/css/main.css" rel="stylesheet">
  <link href="assets/css/style.css" rel="stylesheet">
</head>
<body>
  <h1>Hello World!</h1>
  <span class="mat">home</span>
  <span class="mat2">home</span>
</body>
</html>